// Jest Snapshot v1, https://goo.gl/fbAQLP

exports[`render correctly with props 1`] = `
<BVLinearGradient
  colors={
    Array [
      4293914607,
      4293914607,
    ]
  }
  locations={
    Array [
      0,
      1,
    ]
  }
  style={
    Object {
      "flex": 1,
    }
  }
>
  <RCTSafeAreaView
    style={
      Object {
        "flex": 1,
      }
    }
  >
    <View
      onLayout={[Function]}
    >
      <View
        style={
          Array [
            undefined,
            null,
          ]
        }
      >
        <View
          style={
            Array [
              undefined,
              undefined,
            ]
          }
        >
          <View
            accessible={true}
            isTVSelectable={true}
            onResponderGrant={[Function]}
            onResponderMove={[Function]}
            onResponderRelease={[Function]}
            onResponderTerminate={[Function]}
            onResponderTerminationRequest={[Function]}
            onStartShouldSetResponder={[Function]}
            style={
              Object {
                "opacity": 1,
              }
            }
          >
            <Text
              accessible={true}
              allowFontScaling={false}
              ellipsizeMode="tail"
              style={
                Array [
                  Object {
                    "color": "#2E88FF",
                    "fontSize": 36,
                  },
                  undefined,
                  Object {
                    "fontFamily": "Material Design Icons",
                    "fontStyle": "normal",
                    "fontWeight": "normal",
                  },
                  Object {},
                ]
              }
              type="material-community"
            >
              ÔÖÅ
            </Text>
          </View>
        </View>
        <View
          style={
            Array [
              undefined,
              undefined,
              null,
            ]
          }
        >
          <Text
            accessible={true}
            allowFontScaling={true}
            ellipsizeMode="tail"
            numberOfLines={1}
            style={
              Array [
                Object {
                  "fontFamily": "OpenSans-Regular",
                },
                Array [
                  undefined,
                  null,
                ],
              ]
            }
          >
            Change Password
          </Text>
        </View>
        <View
          style={
            Array [
              undefined,
              undefined,
            ]
          }
        />
      </View>
      <View>
        <View>
          <Text
            accessible={true}
            allowFontScaling={true}
            ellipsizeMode="tail"
            style={
              Array [
                Object {
                  "fontFamily": "OpenSans-Regular",
                },
                Array [
                  undefined,
                  undefined,
                ],
              ]
            }
          >
            New Password
          </Text>
          <TextInput
            allowFontScaling={true}
            autoCapitalize="none"
            autoCorrect={false}
            clearButtonMode="while-editing"
            disableFullscreenUI={true}
            onChangeText={[Function]}
            secureTextEntry={true}
            underlineColorAndroid="transparent"
            value=""
          />
        </View>
        <View
          style={
            Array [
              undefined,
              undefined,
            ]
          }
        >
          <Text
            accessible={true}
            allowFontScaling={true}
            ellipsizeMode="tail"
            style={
              Array [
                Object {
                  "fontFamily": "OpenSans-Regular",
                },
                Array [
                  undefined,
                  undefined,
                ],
              ]
            }
          >
            Confirm Password
          </Text>
          <TextInput
            allowFontScaling={true}
            autoCapitalize="none"
            autoCorrect={false}
            clearButtonMode="while-editing"
            disableFullscreenUI={true}
            onChangeText={[Function]}
            secureTextEntry={true}
            style={
              Array [
                undefined,
              ]
            }
            underlineColorAndroid="transparent"
            value=""
          />
        </View>
        <View
          style={
            Array [
              Array [
                undefined,
              ],
              false,
            ]
          }
        >
          <View
            accessible={true}
            isTVSelectable={true}
            onResponderGrant={[Function]}
            onResponderMove={[Function]}
            onResponderRelease={[Function]}
            onResponderTerminate={[Function]}
            onResponderTerminationRequest={[Function]}
            onStartShouldSetResponder={[Function]}
            style={
              Object {
                "opacity": 1,
              }
            }
          >
            <View
              style={
                Array [
                  Object {
                    "alignItems": "center",
                    "backgroundColor": "#2089dc",
                    "borderRadius": 3,
                    "flexDirection": "row",
                    "justifyContent": "center",
                  },
                  Array [
                    undefined,
                  ],
                  false,
                  false,
                  false,
                  undefined,
                ]
              }
            >
              <Text
                accessible={true}
                allowFontScaling={true}
                ellipsizeMode="tail"
                style={
                  Array [
                    Object {
                      "backgroundColor": "transparent",
                      "color": "white",
                      "fontSize": 18,
                      "padding": 8,
                      "textAlign": "center",
                    },
                    undefined,
                    false,
                    false,
                  ]
                }
              >
                Update Password
              </Text>
            </View>
          </View>
        </View>
      </View>
    </View>
  </RCTSafeAreaView>
</BVLinearGradient>
`;
